// Jest Snapshot v1, https://goo.gl/fbAQLP

exports[`MapComponent should render 1`] = `
<app-map
  _subs={[Function SubSink]}
  class={[Function String]}
  countriesService={[Function CountriesService]}
  darkThemeUrl={[Function String]}
  lightThemeUrl={[Function String]}
  minZoom={[Function Number]}
  prefersDark="false"
>
  <app-header /><mgl-map
    logoposition="bottom-right"
  >
    <mgl-vector-source
      id="countries"
      url="mapbox://mapbox.country-boundaries-v1"
    />
    <mgl-control
      mglnavigation=""
    />
    <mgl-layer
      id="3d-buildings"
      source="composite"
      sourcelayer="building"
      type="fill-extrusion"
    />
    <mgl-layer
      id="visited-countries"
      source="countries"
      sourcelayer="country_boundaries"
      type="fill"
    />
  </mgl-map>
</app-map>
`;
