// Vitest Snapshot v1, https://vitest.dev/guide/snapshot.html

exports[`App > should render 1`] = `
<DocumentFragment>
  <div
    class="grid size-full grid-rows-[auto,1fr,auto] md:grid-cols-3 md:grid-rows-[auto,1fr] dark:bg-zinc-900 dark:text-white"
  >
    <div
      class="flex items-center justify-center bg-primary p-3 text-white md:col-span-1 dark:bg-zinc-950 dark:text-primary"
    >
      <h1
        class="select-none font-bold text-xl tracking-wide"
      >
        been
      </h1>
    </div>
    <div
      class="z-10 order-3 flex flex-col overflow-auto md:order-2 md:col-span-1 md:row-start-2 dark:bg-zinc-900 dark:text-white"
    >
      <div
        class="flex border-zinc-200 border-t-2 sm:border-t-0 dark:border-zinc-700"
      >
        <form
          class="w-full"
        >
          <label
            class="sr-only"
            for="«r0»"
          >
            Search
          </label>
          <input
            class="w-full border-none bg-white px-4 py-2 text-zinc-900 focus:ring-2 focus:ring-primary/50 focus:ring-inset disabled:hover:cursor-not-allowed dark:bg-zinc-900 dark:text-white"
            disabled=""
            id="«r0»"
            placeholder="Search..."
            type="text"
            value=""
          />
        </form>
        <button
          class="visible p-2 md:hidden"
          type="button"
        >
          <svg
            class="size-4"
            fill="none"
            stroke="currentColor"
            stroke-width="1.5"
            viewBox="0 0 24 24"
            xmlns="http://www.w3.org/2000/svg"
          >
            <title>
              Expand
            </title>
            <path
              d="M3.75 3.75v4.5m0-4.5h4.5m-4.5 0L9 9M3.75 20.25v-4.5m0 4.5h4.5m-4.5 0L9 15M20.25 3.75h-4.5m4.5 0v4.5m0-4.5L15 9m5.25 11.25h-4.5m4.5 0v-4.5m0 4.5L15 15"
              stroke-linecap="round"
              stroke-linejoin="round"
            />
          </svg>
        </button>
      </div>
      <div
        class="flex size-full items-center justify-center"
      >
        <svg
          class="size-5 animate-spin text-neutral-800 dark:text-white"
          fill="none"
          viewBox="0 0 24 24"
          xmlns="http://www.w3.org/2000/svg"
        >
          <title>
            Loading!
          </title>
          <circle
            class="opacity-25"
            cx="12"
            cy="12"
            r="10"
            stroke="currentColor"
            stroke-width="4"
          />
          <path
            class="opacity-75"
            d="M4 12a8 8 0 018-8V0C5.373 0 0 5.373 0 12h4zm2 5.291A7.962 7.962 0 014 12H0c0 3.042 1.135 5.824 3 7.938l3-2.647z"
            fill="currentColor"
          />
        </svg>
      </div>
    </div>
    <div
      class="order-2 min-h-[60vh] md:order-3 md:col-span-2 md:row-span-2"
    >
      <div
        style="position: relative; width: 100%; height: 100%;"
      />
    </div>
  </div>
</DocumentFragment>
`;
