// Vitest Snapshot v1, https://vitest.dev/guide/snapshot.html

exports[`App > should render 1`] = `
<DocumentFragment>
  <div
    class="grid size-full grid-rows-[auto,1fr,auto] md:grid-cols-3 md:grid-rows-[auto,1fr] dark:bg-zinc-900 dark:text-white"
  >
    <div
      class="flex items-center justify-center bg-primary p-3 text-white md:col-span-1 dark:bg-zinc-950 dark:text-primary"
    >
      <h1
        class="font-bold text-xl tracking-wide"
      >
        been
      </h1>
    </div>
    <div
      class="order-3 flex flex-col overflow-auto md:order-2 md:col-span-1 md:row-start-2"
    >
      <form
        class="border-zinc-200 border-t-2 sm:border-t-0 dark:border-zinc-700"
      >
        <label
          class="sr-only"
          for="search"
        >
          Search
        </label>
        <input
          class="w-full border-none bg-white px-4 py-2 text-zinc-900 focus:ring-2 focus:ring-primary/50 focus:ring-inset dark:bg-zinc-900 dark:text-white"
          id="search"
          placeholder="Search..."
          type="text"
          value=""
        />
      </form>
      <div
        class="m-4 h-full text-center font-medium"
      >
        No results!
      </div>
    </div>
    <div
      class="order-2 min-h-[60vh] md:order-3 md:col-span-2 md:row-span-2"
    >
      <div
        style="position: relative; width: 100%; height: 100%;"
      />
    </div>
  </div>
</DocumentFragment>
`;
