// Vitest Snapshot v1, https://vitest.dev/guide/snapshot.html

exports[`menuResizer > should render 1`] = `
<DocumentFragment>
  <div
    aria-controls="menu"
    aria-label="Resize the country list"
    aria-orientation="horizontal"
    aria-valuemax="100"
    aria-valuemin="20"
    aria-valuenow="40"
    class="group flex shrink-0 cursor-row-resize touch-none select-none items-center justify-center bg-zinc-200 py-5 focus-visible:ring-2 focus-visible:ring-primary/50 focus-visible:ring-inset md:cursor-col-resize md:px-1 md:py-0 dark:bg-zinc-800"
    role="separator"
    tabindex="0"
  >
    <div
      class="h-1 w-10 rounded-full bg-zinc-400 transition-colors group-hover:bg-primary md:h-10 md:w-1 dark:bg-zinc-600"
    />
  </div>
</DocumentFragment>
`;
