// Vitest Snapshot v1, https://vitest.dev/guide/snapshot.html

exports[`MenuItem > should render 1`] = `
<DocumentFragment>
  <li
    class="hover:bg-zinc-50 dark:hover:bg-zinc-800"
  >
    <label
      class="flex items-center px-4 py-1"
    >
      <input
        class="my-0 me-2 size-4 rounded border-zinc-400 bg-zinc-50 text-primary focus:ring-2 focus:ring-primary/50 active:ring-primary dark:border-zinc-600 dark:bg-zinc-900"
        id="GB"
        type="checkbox"
      />
      <span>
        United Kingdom
      </span>
    </label>
  </li>
</DocumentFragment>
`;
