// Vitest Snapshot v1, https://vitest.dev/guide/snapshot.html

exports[`Menu > should render 1`] = `
<DocumentFragment>
  <form
    class="border-zinc-200 border-t-2 sm:border-t-0 dark:border-zinc-700"
  >
    <label
      class="sr-only"
      for="search"
    >
      Search
    </label>
    <input
      class="w-full border-none bg-white px-4 py-2 text-zinc-900 focus:ring-2 focus:ring-primary/50 focus:ring-inset disabled:hover:cursor-not-allowed dark:bg-zinc-900 dark:text-white"
      id="search"
      placeholder="Search..."
      type="text"
      value=""
    />
  </form>
  <ul
    class="h-full overflow-y-auto"
  >
    <li>
      <div
        class="sticky top-0 flex items-center justify-between bg-zinc-200 p-4 font-medium dark:bg-zinc-800"
      >
        <h2>
          Europe
        </h2>
        <div
          class="relative size-5"
        >
          <svg
            class="-rotate-90 size-full"
            viewBox="0 0 36 36"
            xmlns="http://www.w3.org/2000/svg"
          >
            <title>
              0% complete.
            </title>
            <circle
              class="stroke-current text-gray-500 dark:text-neutral-500"
              cx="18"
              cy="18"
              fill="none"
              r="16"
              stroke-width="4"
            />
            <circle
              class="stroke-current text-primary dark:text-primary"
              cx="18"
              cy="18"
              fill="none"
              r="16"
              stroke-dasharray="100"
              stroke-dashoffset="100"
              stroke-linecap="round"
              stroke-width="4"
            />
          </svg>
        </div>
      </div>
      <ul
        class="divide-y divide-zinc-100 dark:divide-zinc-800"
      >
        <li
          class="hover:bg-zinc-50 dark:hover:bg-zinc-800"
        >
          <label
            class="flex items-center px-4 py-1"
          >
            <input
              class="my-0 me-2 size-4 rounded border-zinc-400 bg-zinc-50 text-primary focus:ring-2 focus:ring-primary/50 active:ring-primary dark:border-zinc-600 dark:bg-zinc-900"
              id="GB"
              type="checkbox"
            />
            <span>
              United Kingdom
            </span>
          </label>
        </li>
      </ul>
    </li>
  </ul>
</DocumentFragment>
`;
