// Jest Snapshot v1, https://goo.gl/fbAQLP

exports[`MenuComponent should render 1`] = `
<app-menu
  class={[Function String]}
  countriesService={[Function CountriesService]}
  searchControl={[Function FormControl2]}
>
  <app-header
    show="tablet"
  /><form
    class="border-t-2 border-zinc-200 sm:border-t-0 dark:border-zinc-700 ng-untouched ng-pristine ng-valid"
    novalidate=""
  >
    <label
      class="sr-only"
      for="search"
    >
      Search
    </label>
    <input
      class="w-full border-none bg-white px-4 py-2 text-zinc-900 focus:ring-2 focus:ring-inset focus:ring-primary/50 dark:bg-zinc-900 dark:text-white ng-untouched ng-pristine ng-valid"
      id="search"
      placeholder="Search..."
      type="text"
    />
  </form><div
    class="m-4 h-full text-center font-medium"
  >
    No results!
  </div>
</app-menu>
`;
