// Jest Snapshot v1, https://goo.gl/fbAQLP

exports[`MenuComponent should render 1`] = `
<app-menu
  class={[Function String]}
  countriesService={[Function CountriesService]}
  searchControl={[Function FormControl2]}
>
  <div
    class="flex items-center justify-center bg-primary text-white"
  >
    <h1
      class="p-3 text-xl font-bold tracking-wide"
    >
      been
    </h1>
  </div><form
    class="ng-untouched ng-pristine ng-valid"
    novalidate=""
  >
    <label
      class="sr-only"
      for="search"
    >
      Search
    </label>
    <input
      class="w-full border-none px-4 py-2 focus:ring-2 focus:ring-inset focus:ring-primary/50 ng-untouched ng-pristine ng-valid"
      id="search"
      placeholder="Search..."
      type="text"
    />
  </form><ul
    class="h-full overflow-auto"
  >
  </ul>
</app-menu>
`;
